1: ms_tab = a[0..1][0..1], msum=30
2: ms_tab is empty
3: ms_tab = a[0..0][0..0], msum=0
4: ms_tab = a[0..2][0..2], msum=45
5: ms_tab = a[0..3][1..4], msum=35
6: ms_tab = a[0..1][0..1], msum=60
7: ms_tab = a[0..0][0..0], msum=3
8: ms_tab = a[0..2][0..2], msum=7
9: ms_tab = a[0..4][0..4], msum=1500000
10: ms_tab = a[1..6][1..8], msum=1304
11: ms_tab = a[0..9][0..9], msum=50